c:\users\kim\downloads\textgame (1)\textgame\x64\debug\vc145.pdb
c:\users\kim\downloads\textgame (1)\textgame\x64\debug\vc145.idb
c:\users\kim\downloads\textgame (1)\textgame\x64\debug\textmodel.obj
c:\users\kim\downloads\textgame (1)\textgame\x64\debug\character.obj
c:\users\kim\downloads\textgame (1)\textgame\x64\debug\textgame.obj
c:\users\kim\downloads\textgame (1)\textgame\x64\debug\skill.obj
c:\users\kim\downloads\textgame (1)\textgame\x64\debug\miniview.obj
c:\users\kim\downloads\textgame (1)\textgame\x64\debug\gamecontroller.obj
c:\users\kim\downloads\textgame (1)\textgame\x64\debug\graphic.obj
c:\users\kim\downloads\textgame (1)\textgame\x64\debug\gameview.obj
c:\users\kim\downloads\textgame (1)\textgame\x64\debug\fps.obj
c:\users\kim\downloads\textgame (1)\textgame\x64\debug\doublebuffering.obj
c:\users\kim\downloads\textgame (1)\textgame\x64\debug\magicmissile.obj
c:\users\kim\downloads\textgame (1)\textgame\x64\debug\icelance.obj
c:\users\kim\downloads\textgame (1)\textgame\x64\debug\fireball.obj
c:\users\kim\downloads\textgame (1)\textgame\x64\debug\blackholl.obj
c:\users\kim\downloads\textgame (1)\textgame\x64\debug\minigamestruct.obj
c:\users\kim\downloads\textgame (1)\x64\debug\textgame.exe
c:\users\kim\downloads\textgame (1)\x64\debug\textgame.pdb
c:\users\kim\downloads\textgame (1)\textgame\x64\debug\textgame.ilk
c:\users\kim\downloads\textgame (1)\textgame\x64\debug\gamecontroller.obj.enc
c:\users\kim\downloads\textgame (1)\textgame\x64\debug\textgame.tlog\cl.command.1.tlog
c:\users\kim\downloads\textgame (1)\textgame\x64\debug\textgame.tlog\cl.items.tlog
c:\users\kim\downloads\textgame (1)\textgame\x64\debug\textgame.tlog\cl.read.1.tlog
c:\users\kim\downloads\textgame (1)\textgame\x64\debug\textgame.tlog\cl.write.1.tlog
c:\users\kim\downloads\textgame (1)\textgame\x64\debug\textgame.tlog\link.command.1.tlog
c:\users\kim\downloads\textgame (1)\textgame\x64\debug\textgame.tlog\link.read.1.tlog
c:\users\kim\downloads\textgame (1)\textgame\x64\debug\textgame.tlog\link.secondary.1.tlog
c:\users\kim\downloads\textgame (1)\textgame\x64\debug\textgame.tlog\link.write.1.tlog
